// Vitest Snapshot v1, https://vitest.dev/guide/snapshot.html

exports[`nuxt2-webpack > index html transformed correctly > script-0 1`] = `"*,:after,:before{box-sizing:border-box;border:0 solid #e7e5e4}*{--tw-ring-inset:var(--tw-empty, );/*!*//*!*/--tw-ring-offset-width:0px;--tw-ring-offset-color:#fff;--tw-ring-color:rgba(14,165,233,0.5);--tw-ring-offset-shadow:0 0 transparent;--tw-ring-shadow:0 0 transparent;--tw-shadow:0 0 transparent}:root{-moz-tab-size:4;-o-tab-size:4;tab-size:4}:-moz-focusring{outline:1px dotted ButtonText}:-moz-ui-invalid{box-shadow:none}::moz-focus-inner{border-style:none;padding:0}::-webkit-inner-spin-button,::-webkit-outer-spin-button{height:auto}::-webkit-search-decoration{-webkit-appearance:none}::-webkit-file-upload-button{-webkit-appearance:button;font:inherit}[type=search]{-webkit-appearance:textfield;outline-offset:-2px}abbr[title]{-webkit-text-decoration:underline dotted;text-decoration:underline dotted}a{color:inherit;text-decoration:inherit}body{line-height:inherit}body,button{margin:0;font-family:inherit}button{font-size:100%;line-height:1.15;text-transform:none;background-color:transparent;background-image:none;padding:0;line-height:inherit;color:inherit}[type=button],[type=reset],[type=submit],button{-webkit-appearance:button}[role=button],button{cursor:pointer}html{-webkit-text-size-adjust:100%;font-family:Inter var,ui-sans-serif,system-ui,-apple-system,Segoe UI,Roboto,Ubuntu,Cantarell,Noto Sans,sans-serif,BlinkMacSystemFont,\\"Segoe UI\\",\\"Helvetica Neue\\",Arial,\\"Noto Sans\\",\\"Apple Color Emoji\\",\\"Segoe UI Emoji\\",\\"Segoe UI Symbol\\",\\"Noto Color Emoji\\";line-height:1.5}h1,h2,h3{font-size:inherit;font-weight:inherit}img{border-style:solid;display:block;vertical-align:middle;max-width:100%;height:auto}h1,h2,h3,p,ul{margin:0}ul{list-style:none;padding:0}.prose{color:#374151;max-width:65ch;font-size:1rem;line-height:1.75}.prose [class~=lead]{color:#4b5563;font-size:1.25em;line-height:1.6;margin-top:1.2em;margin-bottom:1.2em}.prose a{color:#111827;text-decoration:underline;font-weight:500}.prose strong{color:#111827;font-weight:600}.prose ol[type=A]{--list-counter-style:upper-alpha}.prose ol[type=a]{--list-counter-style:lower-alpha}.prose ol[type=\\"A s\\"]{--list-counter-style:upper-alpha}.prose ol[type=\\"a s\\"]{--list-counter-style:lower-alpha}.prose ol[type=I]{--list-counter-style:upper-roman}.prose ol[type=i]{--list-counter-style:lower-roman}.prose ol[type=\\"I s\\"]{--list-counter-style:upper-roman}.prose ol[type=\\"i s\\"]{--list-counter-style:lower-roman}.prose ol[type=\\"1\\"]{--list-counter-style:decimal}.prose ol>li{position:relative;padding-left:1.75em}.prose ol>li:before{content:counter(list-item,decimal) \\".\\";content:counter(list-item,var(--list-counter-style,decimal)) \\".\\";position:absolute;font-weight:400;color:#6b7280;left:0}.prose ul>li{position:relative;padding-left:1.75em}.prose ul>li:before{content:\\"\\";position:absolute;background-color:#d1d5db;border-radius:50%;width:.375em;height:.375em;top:.6875em;left:.25em}.prose hr{border-color:#e5e7eb;margin-top:3em;margin-bottom:3em}.prose blockquote{font-weight:500;font-style:italic;color:#111827;border-left-width:.25rem;border-color:#e5e7eb;quotes:\\"\\\\201C\\"\\"\\\\201D\\"\\"\\\\2018\\"\\"\\\\2019\\";margin-top:1.6em;margin-bottom:1.6em;padding-left:1em}.prose blockquote p:first-of-type:before{content:open-quote}.prose blockquote p:last-of-type:after{content:close-quote}.prose h1{color:#111827;font-weight:800;font-size:2.25em;margin-top:0;margin-bottom:.8888889em;line-height:1.1111111}.prose h2{color:#111827;font-weight:700;font-size:1.5em;margin-top:2em;margin-bottom:1em;line-height:1.3333333}.prose h3{font-size:1.25em;margin-top:1.6em;margin-bottom:.6em;line-height:1.6}.prose h3,.prose h4{color:#111827;font-weight:600}.prose h4{margin-top:1.5em;margin-bottom:.5em;line-height:1.5}.prose figure figcaption{color:#6b7280;font-size:.875em;line-height:1.4285714;margin-top:.8571429em}.prose code{color:#111827;font-weight:600;font-size:.875em}.prose code:after,.prose code:before{content:\\"\`\\"}.prose a code{color:#111827}.prose pre{color:#e5e7eb;background-color:#1f2937;overflow-x:auto;font-size:.875em;line-height:1.7142857;margin-top:1.7142857em;margin-bottom:1.7142857em;border-radius:.375rem;padding:.8571429em 1.1428571em}.prose pre code{background-color:transparent;border-width:0;border-radius:0;padding:0;font-weight:400;color:inherit;font-size:inherit;font-family:inherit;line-height:inherit}.prose pre code:after,.prose pre code:before{content:none}.prose table{width:100%;table-layout:auto;text-align:left;margin-top:2em;margin-bottom:2em;font-size:.875em;line-height:1.7142857}.prose thead{color:#111827;font-weight:600;border-bottom-width:1px;border-bottom-color:#d1d5db}.prose thead th{vertical-align:bottom;padding-right:.5714286em;padding-bottom:.5714286em;padding-left:.5714286em}.prose tbody tr{border-bottom-width:1px;border-bottom-color:#e5e7eb}.prose tbody tr:last-child{border-bottom-width:0}.prose tbody td{vertical-align:top;padding:.5714286em}.prose p{margin-top:1.25em;margin-bottom:1.25em}.prose figure,.prose img,.prose video{margin-top:2em;margin-bottom:2em}.prose figure>*{margin-top:0;margin-bottom:0}.prose h2 code{font-size:.875em}.prose h3 code{font-size:.9em}.prose ol,.prose ul{margin-top:1.25em;margin-bottom:1.25em;list-style-type:none}.prose li{margin-top:.5em;margin-bottom:.5em}.prose>ul>li p{margin-top:.75em;margin-bottom:.75em}.prose>ul>li>:first-child{margin-top:1.25em}.prose>ul>li>:last-child{margin-bottom:1.25em}.prose>ol>li>:first-child{margin-top:1.25em}.prose>ol>li>:last-child{margin-bottom:1.25em}.prose ol ol,.prose ol ul,.prose ul ol,.prose ul ul{margin-top:.75em;margin-bottom:.75em}.prose h2+*,.prose h3+*,.prose h4+*,.prose hr+*{margin-top:0}.prose thead th:first-child{padding-left:0}.prose thead th:last-child{padding-right:0}.prose tbody td:first-child{padding-left:0}.prose tbody td:last-child{padding-right:0}.prose>:first-child{margin-top:0}.prose>:last-child{margin-bottom:0}.prose-xl{font-size:1.25rem;line-height:1.8}.prose-xl p{margin-top:1.2em;margin-bottom:1.2em}.prose-xl [class~=lead]{font-size:1.2em;line-height:1.5;margin-top:1em;margin-bottom:1em}.prose-xl blockquote{margin-top:1.6em;margin-bottom:1.6em;padding-left:1.0666667em}.prose-xl h1{font-size:2.8em;margin-top:0;margin-bottom:.8571429em;line-height:1}.prose-xl h2{font-size:1.8em;margin-top:1.5555556em;margin-bottom:.8888889em;line-height:1.1111111}.prose-xl h3{font-size:1.5em;margin-top:1.6em;margin-bottom:.6666667em;line-height:1.3333333}.prose-xl h4{margin-top:1.8em;margin-bottom:.6em;line-height:1.6}.prose-xl figure,.prose-xl img,.prose-xl video{margin-top:2em;margin-bottom:2em}.prose-xl figure>*{margin-top:0;margin-bottom:0}.prose-xl figure figcaption{font-size:.9em;line-height:1.5555556;margin-top:1em}.prose-xl code{font-size:.9em}.prose-xl h2 code{font-size:.8611111em}.prose-xl h3 code,.prose-xl pre{font-size:.9em}.prose-xl pre{line-height:1.7777778;margin-top:2em;margin-bottom:2em;border-radius:.5rem;padding:1.1111111em 1.3333333em}.prose-xl ol,.prose-xl ul{margin-top:1.2em;margin-bottom:1.2em}.prose-xl li{margin-top:.6em;margin-bottom:.6em}.prose-xl ol>li{padding-left:1.8em}.prose-xl ol>li:before{left:0}.prose-xl ul>li{padding-left:1.8em}.prose-xl ul>li:before{width:.35em;height:.35em;top:.725em;left:.25em}.prose-xl>ul>li p{margin-top:.8em;margin-bottom:.8em}.prose-xl>ul>li>:first-child{margin-top:1.2em}.prose-xl>ul>li>:last-child{margin-bottom:1.2em}.prose-xl>ol>li>:first-child{margin-top:1.2em}.prose-xl>ol>li>:last-child{margin-bottom:1.2em}.prose-xl ol ol,.prose-xl ol ul,.prose-xl ul ol,.prose-xl ul ul{margin-top:.8em;margin-bottom:.8em}.prose-xl hr{margin-top:2.8em;margin-bottom:2.8em}.prose-xl h2+*,.prose-xl h3+*,.prose-xl h4+*,.prose-xl hr+*{margin-top:0}.prose-xl table{font-size:.9em;line-height:1.5555556}.prose-xl thead th{padding-right:.6666667em;padding-bottom:.8888889em;padding-left:.6666667em}.prose-xl thead th:first-child{padding-left:0}.prose-xl thead th:last-child{padding-right:0}.prose-xl tbody td{padding:.8888889em .6666667em}.prose-xl tbody td:first-child{padding-left:0}.prose-xl tbody td:last-child{padding-right:0}.prose-xl>:first-child{margin-top:0}.prose-xl>:last-child{margin-bottom:0}.bg-gray-50{--tw-bg-opacity:1;background-color:rgba(250,250,249,var(--tw-bg-opacity))}.bg-yellow-400{--tw-bg-opacity:1;background-color:rgba(251,191,36,var(--tw-bg-opacity))}.hover\\\\:bg-yellow-900:hover{--tw-bg-opacity:1;background-color:rgba(120,53,15,var(--tw-bg-opacity))}.bg-purple-400{--tw-bg-opacity:1;background-color:rgba(192,132,252,var(--tw-bg-opacity))}.hover\\\\:bg-purple-900:hover{--tw-bg-opacity:1;background-color:rgba(88,28,135,var(--tw-bg-opacity))}.bg-pink-400{--tw-bg-opacity:1;background-color:rgba(244,114,182,var(--tw-bg-opacity))}.hover\\\\:bg-pink-900:hover{--tw-bg-opacity:1;background-color:rgba(131,24,67,var(--tw-bg-opacity))}.bg-orange-400{--tw-bg-opacity:1;background-color:rgba(251,146,60,var(--tw-bg-opacity))}.hover\\\\:bg-orange-900:hover{--tw-bg-opacity:1;background-color:rgba(124,45,18,var(--tw-bg-opacity))}.bg-blue-400{--tw-bg-opacity:1;background-color:rgba(56,189,248,var(--tw-bg-opacity))}.hover\\\\:bg-blue-900:hover{--tw-bg-opacity:1;background-color:rgba(12,74,110,var(--tw-bg-opacity))}.bg-red-400{--tw-bg-opacity:1;background-color:rgba(248,113,113,var(--tw-bg-opacity))}.hover\\\\:bg-red-900:hover{--tw-bg-opacity:1;background-color:rgba(127,29,29,var(--tw-bg-opacity))}.bg-purple-100{--tw-bg-opacity:1;background-color:rgba(243,232,255,var(--tw-bg-opacity))}.hover\\\\:bg-purple-800:hover{--tw-bg-opacity:1;background-color:rgba(107,33,168,var(--tw-bg-opacity))}.rounded-full{border-radius:9999px}.rounded{border-radius:.25rem}.block{display:block}.inline{display:inline}.flex{display:flex}.flex-col{flex-direction:column}.items-center{align-items:center}.justify-center{justify-content:center}.font-bold{font-weight:700}.h-40{height:10rem}.h-full{height:100%}.h-120{height:30rem}.text-sm{font-size:.875rem;line-height:1.25rem}.text-2xl{font-size:1.5rem;line-height:2rem}.my-10{margin-top:2.5rem;margin-bottom:2.5rem}.mx-auto{margin-left:auto;margin-right:auto}.mt-12{margin-top:3rem}.mt-2{margin-top:.5rem}.mb-5{margin-bottom:1.25rem}.opacity-80{opacity:.8}.p-4{padding:1rem}.p-5{padding:1.25rem}.py-5{padding-top:1.25rem;padding-bottom:1.25rem}.py-10{padding-top:2.5rem;padding-bottom:2.5rem}.pl-50px{padding-left:50px}.pb-5{padding-bottom:1.25rem}.absolute{position:absolute}.relative{position:relative}.left-1\\\\/2{left:50%}.top-45{top:11.25rem}.text-center{text-align:center}.text-white{--tw-text-opacity:1;color:rgba(255,255,255,var(--tw-text-opacity))}.hover\\\\:text-purple-100:hover{--tw-text-opacity:1;color:rgba(243,232,255,var(--tw-text-opacity))}.hover\\\\:text-orange-100:hover{--tw-text-opacity:1;color:rgba(255,237,213,var(--tw-text-opacity))}.hover\\\\:text-red-100:hover{--tw-text-opacity:1;color:rgba(254,226,226,var(--tw-text-opacity))}.text-green-50{--tw-text-opacity:1;color:rgba(236,253,245,var(--tw-text-opacity))}.text-red-900{--tw-text-opacity:1;color:rgba(127,29,29,var(--tw-text-opacity))}.underline{-webkit-text-decoration-line:underline;text-decoration-line:underline}.w-full{width:100%}.w-40{width:10rem}.w-1\\\\/4{width:25%}.w-20{width:5rem}.w-120{width:30rem}.z-20{z-index:20}.gap-4{grid-gap:1rem;gap:1rem}.transform{--tw-translate-x:0;--tw-translate-y:0;--tw-translate-z:0;--tw-rotate:0;--tw-rotate-x:0;--tw-rotate-y:0;--tw-rotate-z:0;--tw-skew-x:0;--tw-skew-y:0;--tw-scale-x:1;--tw-scale-y:1;--tw-scale-z:1;transform:translateX(var(--tw-translate-x)) translateY(var(--tw-translate-y)) translateZ(var(--tw-translate-z)) rotate(var(--tw-rotate)) rotateX(var(--tw-rotate-x)) rotateY(var(--tw-rotate-y)) rotate(var(--tw-rotate-z)) skewX(var(--tw-skew-x)) skewY(var(--tw-skew-y)) scaleX(var(--tw-scale-x)) scaleY(var(--tw-scale-y)) scaleZ(var(--tw-scale-z))}.hover\\\\:rotate-45:hover{--tw-rotate:45deg}.transition{transition-property:background-color,border-color,color,fill,stroke,opacity,box-shadow,transform,filter,-webkit-backdrop-filter;transition-property:background-color,border-color,color,fill,stroke,opacity,box-shadow,transform,filter,backdrop-filter;transition-property:background-color,border-color,color,fill,stroke,opacity,box-shadow,transform,filter,backdrop-filter,-webkit-backdrop-filter;transition-timing-function:cubic-bezier(.4,0,.2,1);transition-duration:.15s}.transition-transform{transition-property:transform;transition-timing-function:cubic-bezier(.4,0,.2,1);transition-duration:.15s}@keyframes pulse{0%,to{opacity:1}50%{opacity:.5}}@-webkit-keyframes pulse{0%,to{opacity:1}50%{opacity:.5}}.animate-pulse{-webkit-animation:pulse 2s cubic-bezier(.4,0,.6,1) infinite;animation:pulse 2s cubic-bezier(.4,0,.6,1) infinite}.filter{--tw-blur:var(--tw-empty, );/*!*//*!*/--tw-brightness:var(--tw-empty, );/*!*//*!*/--tw-contrast:var(--tw-empty, );/*!*//*!*/--tw-grayscale:var(--tw-empty, );/*!*//*!*/--tw-hue-rotate:var(--tw-empty, );/*!*//*!*/--tw-invert:var(--tw-empty, );/*!*//*!*/--tw-saturate:var(--tw-empty, );/*!*//*!*/--tw-sepia:var(--tw-empty, );/*!*//*!*/--tw-drop-shadow:var(--tw-empty, );/*!*//*!*/filter:var(--tw-blur) var(--tw-brightness) var(--tw-contrast) var(--tw-grayscale) var(--tw-hue-rotate) var(--tw-invert) var(--tw-saturate) var(--tw-sepia) var(--tw-drop-shadow)}.blur-sm{--tw-blur:blur(4px)}.grayscale{--tw-grayscale:grayscale(100%)}"`;

exports[`nuxt2-webpack > index html transformed correctly > script-1 1`] = `".test-apply{padding:5rem;color:rgba(255,255,255,var(--tw-text-opacity));width:25%;transition-property:background-color,border-color,color,fill,stroke,opacity,box-shadow,transform,filter,-webkit-backdrop-filter;transition-property:background-color,border-color,color,fill,stroke,opacity,box-shadow,transform,filter,backdrop-filter;transition-property:background-color,border-color,color,fill,stroke,opacity,box-shadow,transform,filter,backdrop-filter,-webkit-backdrop-filter;transition-timing-function:cubic-bezier(.4,0,.2,1);transition-duration:.15s}.test-apply,.test-apply:hover{--tw-bg-opacity:1;background-color:rgba(6,78,59,var(--tw-bg-opacity));--tw-text-opacity:1}.test-apply:hover{color:rgba(224,242,254,var(--tw-text-opacity))}.scss-global{background-color:rgba(52,211,153,var(--tw-bg-opacity));padding:1rem;color:rgba(255,255,255,var(--tw-text-opacity));width:25%;transition-property:background-color,border-color,color,fill,stroke,opacity,box-shadow,transform,filter,-webkit-backdrop-filter;transition-property:background-color,border-color,color,fill,stroke,opacity,box-shadow,transform,filter,backdrop-filter;transition-property:background-color,border-color,color,fill,stroke,opacity,box-shadow,transform,filter,backdrop-filter,-webkit-backdrop-filter;transition-timing-function:cubic-bezier(.4,0,.2,1);transition-duration:.15s}.scss-global,.scss-global:hover{--tw-bg-opacity:1;--tw-text-opacity:1}.scss-global:hover{background-color:rgba(6,78,59,var(--tw-bg-opacity));color:rgba(224,242,254,var(--tw-text-opacity))}.scss-global h2{font-weight:700;font-size:.875rem;line-height:1.25rem}h1{margin-bottom:20px}"`;

exports[`nuxt2-webpack > index html transformed correctly > script-2 1`] = `"#__nuxt{background-color:#f6f6ce}"`;

exports[`nuxt2-webpack > index html transformed correctly > script-3 1`] = `".nuxt-progress{position:fixed;top:0;left:0;right:0;height:2px;width:0;opacity:1;transition:width .1s,opacity .4s;background-color:#000;z-index:999999}.nuxt-progress.nuxt-progress-notransition{transition:none}.nuxt-progress-failed{background-color:red}"`;

exports[`nuxt2-webpack > index html transformed correctly > script-4 1`] = `"h1{--tw-bg-opacity:1;background-color:rgba(7,89,133,var(--tw-bg-opacity))}h1 span{--tw-text-opacity:1;color:rgba(52,211,153,var(--tw-text-opacity))}"`;

exports[`nuxt2-webpack > index html transformed correctly > script-5 1`] = `".postcss[data-v-0dceb041]{background-color:rgba(244,114,182,var(--tw-bg-opacity));padding:1rem;color:rgba(255,255,255,var(--tw-text-opacity));width:25%;transition-property:background-color,border-color,color,fill,stroke,opacity,box-shadow,transform,filter,-webkit-backdrop-filter;transition-property:background-color,border-color,color,fill,stroke,opacity,box-shadow,transform,filter,backdrop-filter;transition-property:background-color,border-color,color,fill,stroke,opacity,box-shadow,transform,filter,backdrop-filter,-webkit-backdrop-filter;transition-timing-function:cubic-bezier(.4,0,.2,1);transition-duration:.15s}.postcss[data-v-0dceb041],.postcss[data-v-0dceb041]:hover{--tw-bg-opacity:1;--tw-text-opacity:1}.postcss[data-v-0dceb041]:hover{background-color:rgba(131,24,67,var(--tw-bg-opacity));color:rgba(252,231,243,var(--tw-text-opacity))}h2[data-v-0dceb041]{font-weight:700;font-size:.875rem;line-height:1.25rem}"`;

exports[`nuxt2-webpack > index html transformed correctly > script-6 1`] = `".scss[data-v-822dc650]{background-color:rgba(56,189,248,var(--tw-bg-opacity));padding:1rem;color:rgba(255,255,255,var(--tw-text-opacity));width:25%;transition-property:background-color,border-color,color,fill,stroke,opacity,box-shadow,transform,filter,-webkit-backdrop-filter;transition-property:background-color,border-color,color,fill,stroke,opacity,box-shadow,transform,filter,backdrop-filter;transition-property:background-color,border-color,color,fill,stroke,opacity,box-shadow,transform,filter,backdrop-filter,-webkit-backdrop-filter;transition-timing-function:cubic-bezier(.4,0,.2,1);transition-duration:.15s}.scss[data-v-822dc650],.scss[data-v-822dc650]:hover{--tw-bg-opacity:1;--tw-text-opacity:1}.scss[data-v-822dc650]:hover{background-color:rgba(12,74,110,var(--tw-bg-opacity));color:rgba(224,242,254,var(--tw-text-opacity))}.scss h2[data-v-822dc650]{font-weight:700;font-size:.875rem;line-height:1.25rem}"`;

exports[`nuxt2-webpack > index html transformed correctly > script-7 1`] = `".sass[data-v-24eeda80]{background-color:rgba(251,146,60,var(--tw-bg-opacity));padding:1rem;color:rgba(255,255,255,var(--tw-text-opacity));width:25%;transition-property:background-color,border-color,color,fill,stroke,opacity,box-shadow,transform,filter,-webkit-backdrop-filter;transition-property:background-color,border-color,color,fill,stroke,opacity,box-shadow,transform,filter,backdrop-filter;transition-property:background-color,border-color,color,fill,stroke,opacity,box-shadow,transform,filter,backdrop-filter,-webkit-backdrop-filter;transition-timing-function:cubic-bezier(.4,0,.2,1);transition-duration:.15s}.sass[data-v-24eeda80],.sass[data-v-24eeda80]:hover{--tw-bg-opacity:1;--tw-text-opacity:1}.sass[data-v-24eeda80]:hover{background-color:rgba(124,45,18,var(--tw-bg-opacity));color:rgba(255,237,213,var(--tw-text-opacity))}.sass h2[data-v-24eeda80]{font-weight:700;font-size:.875rem;line-height:1.25rem}"`;

exports[`nuxt2-webpack > index html transformed correctly > script-8 1`] = `".stylus[data-v-12d2604e]{background-color:rgba(248,113,113,var(--tw-bg-opacity));padding:1rem;color:rgba(255,255,255,var(--tw-text-opacity));width:25%;transition-property:background-color,border-color,color,fill,stroke,opacity,box-shadow,transform,filter,-webkit-backdrop-filter;transition-property:background-color,border-color,color,fill,stroke,opacity,box-shadow,transform,filter,backdrop-filter;transition-property:background-color,border-color,color,fill,stroke,opacity,box-shadow,transform,filter,backdrop-filter,-webkit-backdrop-filter;transition-timing-function:cubic-bezier(.4,0,.2,1);transition-duration:.15s}.stylus[data-v-12d2604e],.stylus[data-v-12d2604e]:hover{--tw-bg-opacity:1;--tw-text-opacity:1}.stylus[data-v-12d2604e]:hover{background-color:rgba(127,29,29,var(--tw-bg-opacity));color:rgba(254,226,226,var(--tw-text-opacity))}.stylus h2[data-v-12d2604e]{font-weight:700;font-size:.875rem;line-height:1.25rem}"`;

exports[`nuxt2-webpack > index html transformed correctly > script-9 1`] = `".less[data-v-41c6b7f9]{background-color:rgba(192,132,252,var(--tw-bg-opacity));padding:1rem;color:rgba(255,255,255,var(--tw-text-opacity));width:25%;transition-property:background-color,border-color,color,fill,stroke,opacity,box-shadow,transform,filter,-webkit-backdrop-filter;transition-property:background-color,border-color,color,fill,stroke,opacity,box-shadow,transform,filter,backdrop-filter;transition-property:background-color,border-color,color,fill,stroke,opacity,box-shadow,transform,filter,backdrop-filter,-webkit-backdrop-filter;transition-timing-function:cubic-bezier(.4,0,.2,1);transition-duration:.15s}.less[data-v-41c6b7f9],.less[data-v-41c6b7f9]:hover{--tw-bg-opacity:1;--tw-text-opacity:1}.less[data-v-41c6b7f9]:hover{background-color:rgba(88,28,135,var(--tw-bg-opacity));color:rgba(243,232,255,var(--tw-text-opacity))}.less h2[data-v-41c6b7f9]{font-weight:700;font-size:.875rem;line-height:1.25rem}"`;

exports[`nuxt2-webpack > index html transformed correctly > script-10 1`] = `".css[data-v-45cbb84c]{background-color:rgba(251,191,36,var(--tw-bg-opacity));padding:1rem;color:rgba(255,255,255,var(--tw-text-opacity));width:25%;transition-property:background-color,border-color,color,fill,stroke,opacity,box-shadow,transform,filter,-webkit-backdrop-filter;transition-property:background-color,border-color,color,fill,stroke,opacity,box-shadow,transform,filter,backdrop-filter;transition-property:background-color,border-color,color,fill,stroke,opacity,box-shadow,transform,filter,backdrop-filter,-webkit-backdrop-filter;transition-timing-function:cubic-bezier(.4,0,.2,1);transition-duration:.15s}.css[data-v-45cbb84c],.css[data-v-45cbb84c]:hover{--tw-bg-opacity:1;--tw-text-opacity:1}.css[data-v-45cbb84c]:hover{background-color:rgba(120,53,15,var(--tw-bg-opacity));color:rgba(254,243,199,var(--tw-text-opacity))}h2[data-v-45cbb84c]{font-weight:700;font-size:.875rem;line-height:1.25rem}"`;
